{
    "user_name": "yakushi",
    "passward": "test"
}
