{
    "user_name": "yakushi",
    "password": "test"
}
